
============================================================
===== LeanD6PairContractionCounterexample.lean =====
============================================================
LeanD6PairContractionCounterexample.lean:61:8: warning: `push_neg` has been deprecated. Prefer using `push Not` instead.
If you'd rather continue using `push_neg` in your project, you can implement it as follows:
```
open Lean.Parser.Tactic in
macro "push_neg" cfg:optConfig loc:(location)? : tactic =>
  `(tactic| push $cfg:optConfig Not $[$loc]?)
```
LeanD6PairContractionCounterexample.lean:105:70: warning: this tactic is never executed

Note: This linter can be disabled with `set_option linter.unreachableTactic false`
LeanD6PairContractionCounterexample.lean:105:70: warning: Unused tactic linter: `omega` does nothing

Note: This linter can be disabled with `set_option linter.unusedTactic false`
LeanD6PairContractionCounterexample.lean:158:46: warning: Used `tac1 <;> tac2` where `(tac1; tac2)` would suffice

Note: This linter can be disabled with `set_option linter.unnecessarySeqFocus false`
LeanD6PairContractionCounterexample.lean:159:46: warning: Used `tac1 <;> tac2` where `(tac1; tac2)` would suffice

Note: This linter can be disabled with `set_option linter.unnecessarySeqFocus false`
LeanD6PairContractionCounterexample.lean:171:52: warning: this tactic is never executed

Note: This linter can be disabled with `set_option linter.unreachableTactic false`
LeanD6PairContractionCounterexample.lean:172:48: warning: Used `tac1 <;> tac2` where `(tac1; tac2)` would suffice

Note: This linter can be disabled with `set_option linter.unnecessarySeqFocus false`
LeanD6PairContractionCounterexample.lean:171:52: warning: Unused tactic linter: `norm_num` does nothing

Note: This linter can be disabled with `set_option linter.unusedTactic false`
LeanD6PairContractionCounterexample.lean:199:77: error: unsolved goals
⊢ |((↑(if ![0, 0, 0, 0] 2 = 0 then if ![0, 0, 0, 0] 3 = 0 then -3 else -11
              else if ![0, 0, 0, 0] 3 = 0 then -8 else -3) -
            if (if 2 = 0 then 1 else ![0, 0, 0, 0] 2) = 0 then
              if (if 3 = 0 then 1 else ![0, 0, 0, 0] 3) = 0 then -2 else -5
            else if (if 3 = 0 then 1 else ![0, 0, 0, 0] 3) = 0 then 2 else 1) -
          if ¬2 = 0 → ![1, 1, 0, 1] 2 = 0 then if ¬3 = 0 → ![1, 1, 0, 1] 3 = 0 then -1 else -4
          else if ¬3 = 0 → ![1, 1, 0, 1] 3 = 0 then 0 else 1) +
        ↑(if ![1, 1, 0, 1] 2 = 0 then if ![1, 1, 0, 1] 3 = 0 then 9 else 10
          else if ![1, 1, 0, 1] 3 = 0 then 5 else 6)| =
    13
LeanD6PairContractionCounterexample.lean:226:8: warning: `push_neg` has been deprecated. Prefer using `push Not` instead.
If you'd rather continue using `push_neg` in your project, you can implement it as follows:
```
open Lean.Parser.Tactic in
macro "push_neg" cfg:optConfig loc:(location)? : tactic =>
  `(tactic| push $cfg:optConfig Not $[$loc]?)
```
LeanD6PairContractionCounterexample.lean:288:49: warning: this tactic is never executed

Note: This linter can be disabled with `set_option linter.unreachableTactic false`
LeanD6PairContractionCounterexample.lean:293:49: warning: this tactic is never executed

Note: This linter can be disabled with `set_option linter.unreachableTactic false`
LeanD6PairContractionCounterexample.lean:290:45: warning: Used `tac1 <;> tac2` where `(tac1; tac2)` would suffice

Note: This linter can be disabled with `set_option linter.unnecessarySeqFocus false`
LeanD6PairContractionCounterexample.lean:295:45: warning: Used `tac1 <;> tac2` where `(tac1; tac2)` would suffice

Note: This linter can be disabled with `set_option linter.unnecessarySeqFocus false`
LeanD6PairContractionCounterexample.lean:288:49: warning: Unused tactic linter: `norm_num` does nothing

Note: This linter can be disabled with `set_option linter.unusedTactic false`
LeanD6PairContractionCounterexample.lean:293:49: warning: Unused tactic linter: `norm_num` does nothing

Note: This linter can be disabled with `set_option linter.unusedTactic false`
LeanD6PairContractionCounterexample.lean:321:49: warning: this tactic is never executed

Note: This linter can be disabled with `set_option linter.unreachableTactic false`
LeanD6PairContractionCounterexample.lean:326:49: warning: this tactic is never executed

Note: This linter can be disabled with `set_option linter.unreachableTactic false`
LeanD6PairContractionCounterexample.lean:323:45: warning: Used `tac1 <;> tac2` where `(tac1; tac2)` would suffice

Note: This linter can be disabled with `set_option linter.unnecessarySeqFocus false`
LeanD6PairContractionCounterexample.lean:328:45: warning: Used `tac1 <;> tac2` where `(tac1; tac2)` would suffice

Note: This linter can be disabled with `set_option linter.unnecessarySeqFocus false`
LeanD6PairContractionCounterexample.lean:321:49: warning: Unused tactic linter: `norm_num` does nothing

Note: This linter can be disabled with `set_option linter.unusedTactic false`
LeanD6PairContractionCounterexample.lean:326:49: warning: Unused tactic linter: `norm_num` does nothing

Note: This linter can be disabled with `set_option linter.unusedTactic false`
LeanD6PairContractionCounterexample.lean:354:49: warning: this tactic is never executed

Note: This linter can be disabled with `set_option linter.unreachableTactic false`
LeanD6PairContractionCounterexample.lean:359:49: warning: this tactic is never executed

Note: This linter can be disabled with `set_option linter.unreachableTactic false`
LeanD6PairContractionCounterexample.lean:356:45: warning: Used `tac1 <;> tac2` where `(tac1; tac2)` would suffice

Note: This linter can be disabled with `set_option linter.unnecessarySeqFocus false`
LeanD6PairContractionCounterexample.lean:361:45: warning: Used `tac1 <;> tac2` where `(tac1; tac2)` would suffice

Note: This linter can be disabled with `set_option linter.unnecessarySeqFocus false`
LeanD6PairContractionCounterexample.lean:354:49: warning: Unused tactic linter: `norm_num` does nothing

Note: This linter can be disabled with `set_option linter.unusedTactic false`
LeanD6PairContractionCounterexample.lean:359:49: warning: Unused tactic linter: `norm_num` does nothing

Note: This linter can be disabled with `set_option linter.unusedTactic false`
LeanD6PairContractionCounterexample.lean:387:49: warning: this tactic is never executed

Note: This linter can be disabled with `set_option linter.unreachableTactic false`
LeanD6PairContractionCounterexample.lean:392:49: warning: this tactic is never executed

Note: This linter can be disabled with `set_option linter.unreachableTactic false`
LeanD6PairContractionCounterexample.lean:389:45: warning: Used `tac1 <;> tac2` where `(tac1; tac2)` would suffice

Note: This linter can be disabled with `set_option linter.unnecessarySeqFocus false`
LeanD6PairContractionCounterexample.lean:394:45: warning: Used `tac1 <;> tac2` where `(tac1; tac2)` would suffice

Note: This linter can be disabled with `set_option linter.unnecessarySeqFocus false`
LeanD6PairContractionCounterexample.lean:387:49: warning: Unused tactic linter: `norm_num` does nothing

Note: This linter can be disabled with `set_option linter.unusedTactic false`
LeanD6PairContractionCounterexample.lean:392:49: warning: Unused tactic linter: `norm_num` does nothing

Note: This linter can be disabled with `set_option linter.unusedTactic false`
EXIT_CODE=1

============================================================
===== LeanD6HalfFactorSharpness.lean =====
============================================================
LeanD6HalfFactorSharpness.lean:48:6: warning: `push_neg` has been deprecated. Prefer using `push Not` instead.
If you'd rather continue using `push_neg` in your project, you can implement it as follows:
```
open Lean.Parser.Tactic in
macro "push_neg" cfg:optConfig loc:(location)? : tactic =>
  `(tactic| push $cfg:optConfig Not $[$loc]?)
```
LeanD6HalfFactorSharpness.lean:83:64: error: unsolved goals
case «0»
hmax : maxVal (productResponse pointMassAnchor3 sharpWorld3 ((fun i => i) ⟨0, ⋯⟩)) = ![2, 1, 2] ((fun i => i) ⟨0, ⋯⟩)
hmin : minVal (productResponse pointMassAnchor3 sharpWorld3 ((fun i => i) ⟨0, ⋯⟩)) = ![1, 0, 1] ((fun i => i) ⟨0, ⋯⟩)
⊢ 2 - 1 = 1

case «2»
hmax : maxVal (productResponse pointMassAnchor3 sharpWorld3 ((fun i => i) ⟨2, ⋯⟩)) = ![2, 1, 2] ((fun i => i) ⟨2, ⋯⟩)
hmin : minVal (productResponse pointMassAnchor3 sharpWorld3 ((fun i => i) ⟨2, ⋯⟩)) = ![1, 0, 1] ((fun i => i) ⟨2, ⋯⟩)
⊢ 2 - 1 = 1
LeanD6HalfFactorSharpness.lean:161:6: error: Type mismatch: After simplification, term
  le_maxVal r (action3 0 1 0)
 has type
  2 ≤
    (maxVal fun x =>
        (if x 1 = 0 then 0 else if x 0 = 0 then 2 else if x 2 = 0 then 1 else 2) -
          productResponse pointMassAnchor3 sharpWorld3 2 (x 2)) +
      1
but is expected to have type
  1 ≤
    maxVal fun x =>
      (if x 1 = 0 then 0 else if x 0 = 0 then 2 else if x 2 = 0 then 1 else 2) -
        productResponse pointMassAnchor3 sharpWorld3 2 (x 2)
LeanD6HalfFactorSharpness.lean:152:17: error: unsolved goals
r : (Fin 3 → Fin 2) → ℝ := fun x => sharpWorld3 x - ∑ j ∈ {2}, productResponse pointMassAnchor3 sharpWorld3 j (x j)
hmax : maxVal r = 1
hmin : minVal r = -2
⊢ ((maxVal fun x => sharpWorld3 x - productResponse pointMassAnchor3 sharpWorld3 2 (x 2)) -
      minVal fun x => sharpWorld3 x - productResponse pointMassAnchor3 sharpWorld3 2 (x 2)) =
    3
LeanD6HalfFactorSharpness.lean:182:6: error: Type mismatch: After simplification, term
  le_maxVal r (action3 0 1 0)
 has type
  2 ≤
    (maxVal fun x =>
        (if x 1 = 0 then 0 else if x 0 = 0 then 2 else if x 2 = 0 then 1 else 2) -
          productResponse pointMassAnchor3 sharpWorld3 1 (x 1)) +
      1
but is expected to have type
  1 ≤
    maxVal fun x =>
      (if x 1 = 0 then 0 else if x 0 = 0 then 2 else if x 2 = 0 then 1 else 2) -
        productResponse pointMassAnchor3 sharpWorld3 1 (x 1)
LeanD6HalfFactorSharpness.lean:173:17: error: unsolved goals
r : (Fin 3 → Fin 2) → ℝ := fun x => sharpWorld3 x - ∑ j ∈ {1}, productResponse pointMassAnchor3 sharpWorld3 j (x j)
hmax : maxVal r = 1
hmin : minVal r = 0
⊢ ((maxVal fun x => sharpWorld3 x - productResponse pointMassAnchor3 sharpWorld3 1 (x 1)) -
      minVal fun x => sharpWorld3 x - productResponse pointMassAnchor3 sharpWorld3 1 (x 1)) =
    1
EXIT_CODE=1
