
============================================================
===== LeanD6PairContractionCounterexample.lean =====
============================================================
LeanD6PairContractionCounterexample.lean:61:8: warning: `push_neg` has been deprecated. Prefer using `push Not` instead.
If you'd rather continue using `push_neg` in your project, you can implement it as follows:
```
open Lean.Parser.Tactic in
macro "push_neg" cfg:optConfig loc:(location)? : tactic =>
  `(tactic| push $cfg:optConfig Not $[$loc]?)
```
LeanD6PairContractionCounterexample.lean:105:70: warning: this tactic is never executed

Note: This linter can be disabled with `set_option linter.unreachableTactic false`
LeanD6PairContractionCounterexample.lean:105:70: warning: Unused tactic linter: `omega` does nothing

Note: This linter can be disabled with `set_option linter.unusedTactic false`
LeanD6PairContractionCounterexample.lean:158:46: warning: Used `tac1 <;> tac2` where `(tac1; tac2)` would suffice

Note: This linter can be disabled with `set_option linter.unnecessarySeqFocus false`
LeanD6PairContractionCounterexample.lean:159:46: warning: Used `tac1 <;> tac2` where `(tac1; tac2)` would suffice

Note: This linter can be disabled with `set_option linter.unnecessarySeqFocus false`
LeanD6PairContractionCounterexample.lean:171:52: warning: this tactic is never executed

Note: This linter can be disabled with `set_option linter.unreachableTactic false`
LeanD6PairContractionCounterexample.lean:172:48: warning: Used `tac1 <;> tac2` where `(tac1; tac2)` would suffice

Note: This linter can be disabled with `set_option linter.unnecessarySeqFocus false`
LeanD6PairContractionCounterexample.lean:171:52: warning: Unused tactic linter: `norm_num` does nothing

Note: This linter can be disabled with `set_option linter.unusedTactic false`
LeanD6PairContractionCounterexample.lean:230:8: warning: `push_neg` has been deprecated. Prefer using `push Not` instead.
If you'd rather continue using `push_neg` in your project, you can implement it as follows:
```
open Lean.Parser.Tactic in
macro "push_neg" cfg:optConfig loc:(location)? : tactic =>
  `(tactic| push $cfg:optConfig Not $[$loc]?)
```
LeanD6PairContractionCounterexample.lean:292:49: warning: this tactic is never executed

Note: This linter can be disabled with `set_option linter.unreachableTactic false`
LeanD6PairContractionCounterexample.lean:297:49: warning: this tactic is never executed

Note: This linter can be disabled with `set_option linter.unreachableTactic false`
LeanD6PairContractionCounterexample.lean:294:45: warning: Used `tac1 <;> tac2` where `(tac1; tac2)` would suffice

Note: This linter can be disabled with `set_option linter.unnecessarySeqFocus false`
LeanD6PairContractionCounterexample.lean:299:45: warning: Used `tac1 <;> tac2` where `(tac1; tac2)` would suffice

Note: This linter can be disabled with `set_option linter.unnecessarySeqFocus false`
LeanD6PairContractionCounterexample.lean:292:49: warning: Unused tactic linter: `norm_num` does nothing

Note: This linter can be disabled with `set_option linter.unusedTactic false`
LeanD6PairContractionCounterexample.lean:297:49: warning: Unused tactic linter: `norm_num` does nothing

Note: This linter can be disabled with `set_option linter.unusedTactic false`
LeanD6PairContractionCounterexample.lean:325:49: warning: this tactic is never executed

Note: This linter can be disabled with `set_option linter.unreachableTactic false`
LeanD6PairContractionCounterexample.lean:330:49: warning: this tactic is never executed

Note: This linter can be disabled with `set_option linter.unreachableTactic false`
LeanD6PairContractionCounterexample.lean:327:45: warning: Used `tac1 <;> tac2` where `(tac1; tac2)` would suffice

Note: This linter can be disabled with `set_option linter.unnecessarySeqFocus false`
LeanD6PairContractionCounterexample.lean:332:45: warning: Used `tac1 <;> tac2` where `(tac1; tac2)` would suffice

Note: This linter can be disabled with `set_option linter.unnecessarySeqFocus false`
LeanD6PairContractionCounterexample.lean:325:49: warning: Unused tactic linter: `norm_num` does nothing

Note: This linter can be disabled with `set_option linter.unusedTactic false`
LeanD6PairContractionCounterexample.lean:330:49: warning: Unused tactic linter: `norm_num` does nothing

Note: This linter can be disabled with `set_option linter.unusedTactic false`
LeanD6PairContractionCounterexample.lean:358:49: warning: this tactic is never executed

Note: This linter can be disabled with `set_option linter.unreachableTactic false`
LeanD6PairContractionCounterexample.lean:363:49: warning: this tactic is never executed

Note: This linter can be disabled with `set_option linter.unreachableTactic false`
LeanD6PairContractionCounterexample.lean:360:45: warning: Used `tac1 <;> tac2` where `(tac1; tac2)` would suffice

Note: This linter can be disabled with `set_option linter.unnecessarySeqFocus false`
LeanD6PairContractionCounterexample.lean:365:45: warning: Used `tac1 <;> tac2` where `(tac1; tac2)` would suffice

Note: This linter can be disabled with `set_option linter.unnecessarySeqFocus false`
LeanD6PairContractionCounterexample.lean:358:49: warning: Unused tactic linter: `norm_num` does nothing

Note: This linter can be disabled with `set_option linter.unusedTactic false`
LeanD6PairContractionCounterexample.lean:363:49: warning: Unused tactic linter: `norm_num` does nothing

Note: This linter can be disabled with `set_option linter.unusedTactic false`
LeanD6PairContractionCounterexample.lean:391:49: warning: this tactic is never executed

Note: This linter can be disabled with `set_option linter.unreachableTactic false`
LeanD6PairContractionCounterexample.lean:396:49: warning: this tactic is never executed

Note: This linter can be disabled with `set_option linter.unreachableTactic false`
LeanD6PairContractionCounterexample.lean:393:45: warning: Used `tac1 <;> tac2` where `(tac1; tac2)` would suffice

Note: This linter can be disabled with `set_option linter.unnecessarySeqFocus false`
LeanD6PairContractionCounterexample.lean:398:45: warning: Used `tac1 <;> tac2` where `(tac1; tac2)` would suffice

Note: This linter can be disabled with `set_option linter.unnecessarySeqFocus false`
LeanD6PairContractionCounterexample.lean:391:49: warning: Unused tactic linter: `norm_num` does nothing

Note: This linter can be disabled with `set_option linter.unusedTactic false`
LeanD6PairContractionCounterexample.lean:396:49: warning: Unused tactic linter: `norm_num` does nothing

Note: This linter can be disabled with `set_option linter.unusedTactic false`
EXIT_CODE=0

============================================================
===== LeanD6HalfFactorSharpness.lean =====
============================================================
LeanD6HalfFactorSharpness.lean:48:6: warning: `push_neg` has been deprecated. Prefer using `push Not` instead.
If you'd rather continue using `push_neg` in your project, you can implement it as follows:
```
open Lean.Parser.Tactic in
macro "push_neg" cfg:optConfig loc:(location)? : tactic =>
  `(tactic| push $cfg:optConfig Not $[$loc]?)
```
LeanD6HalfFactorSharpness.lean:162:41: error: unsolved goals
r : (Fin 3 → Fin 2) → ℝ := fun x => sharpWorld3 x - ∑ j ∈ {2}, productResponse pointMassAnchor3 sharpWorld3 j (x j)
h : r (action3 0 1 0) ≤ maxVal r
⊢ 2 - productResponse pointMassAnchor3 sharpWorld3 2 (![0, 1, 0] 2) = 1
LeanD6HalfFactorSharpness.lean:169:42: error: unsolved goals
r : (Fin 3 → Fin 2) → ℝ := fun x => sharpWorld3 x - ∑ j ∈ {2}, productResponse pointMassAnchor3 sharpWorld3 j (x j)
hmax : maxVal r = 1
h : minVal r ≤ r (action3 0 0 1)
⊢ productResponse pointMassAnchor3 sharpWorld3 2 (![0, 0, 1] 2) = 2
LeanD6HalfFactorSharpness.lean:152:17: error: unsolved goals
r : (Fin 3 → Fin 2) → ℝ := fun x => sharpWorld3 x - ∑ j ∈ {2}, productResponse pointMassAnchor3 sharpWorld3 j (x j)
hmax : maxVal r = 1
hmin : minVal r = -2
⊢ ((maxVal fun x => sharpWorld3 x - productResponse pointMassAnchor3 sharpWorld3 2 (x 2)) -
      minVal fun x => sharpWorld3 x - productResponse pointMassAnchor3 sharpWorld3 2 (x 2)) =
    3
LeanD6HalfFactorSharpness.lean:181:17: error: unsolved goals
r : (Fin 3 → Fin 2) → ℝ := fun x => sharpWorld3 x - ∑ j ∈ {1}, productResponse pointMassAnchor3 sharpWorld3 j (x j)
hmax : maxVal r = 1
hmin : minVal r = 0
⊢ ((maxVal fun x => sharpWorld3 x - productResponse pointMassAnchor3 sharpWorld3 1 (x 1)) -
      minVal fun x => sharpWorld3 x - productResponse pointMassAnchor3 sharpWorld3 1 (x 1)) =
    1
EXIT_CODE=1
