
============================================================
===== LeanD6ResidualAPI.lean =====
============================================================
EXIT_CODE=0

============================================================
===== LeanD6PAECCanonical.lean =====
============================================================
LeanD6PAECCanonical.lean:96:5: warning: Variable name `hdelta` is not explicitly referenced.

Hint: The binding can be removed (if unused) or named `_` (if used implicitly). Alternatively, prefix the name with `_` to silence this warning:
  [apply] _hdelta

Note: This linter can be disabled with `set_option linter.unusedVariables false`
EXIT_CODE=0

============================================================
===== LeanD6PAECFin4.lean =====
============================================================
LeanD6PAECFin4.lean:92:49: warning: Used `tac1 <;> tac2` where `(tac1; tac2)` would suffice

Note: This linter can be disabled with `set_option linter.unnecessarySeqFocus false`
EXIT_CODE=0

============================================================
===== LeanD6PAECFin6.lean =====
============================================================
LeanD6PAECFin6.lean:124:23: warning: Used `tac1 <;> tac2` where `(tac1; tac2)` would suffice

Note: This linter can be disabled with `set_option linter.unnecessarySeqFocus false`
EXIT_CODE=0

============================================================
===== LeanD6PairContractionCounterexample.lean =====
============================================================
LeanD6PairContractionCounterexample.lean:61:8: warning: `push_neg` has been deprecated. Prefer using `push Not` instead.
If you'd rather continue using `push_neg` in your project, you can implement it as follows:
```
open Lean.Parser.Tactic in
macro "push_neg" cfg:optConfig loc:(location)? : tactic =>
  `(tactic| push $cfg:optConfig Not $[$loc]?)
```
LeanD6PairContractionCounterexample.lean:105:70: warning: this tactic is never executed

Note: This linter can be disabled with `set_option linter.unreachableTactic false`
LeanD6PairContractionCounterexample.lean:105:70: warning: Unused tactic linter: `omega` does nothing

Note: This linter can be disabled with `set_option linter.unusedTactic false`
LeanD6PairContractionCounterexample.lean:158:46: warning: Used `tac1 <;> tac2` where `(tac1; tac2)` would suffice

Note: This linter can be disabled with `set_option linter.unnecessarySeqFocus false`
LeanD6PairContractionCounterexample.lean:159:46: warning: Used `tac1 <;> tac2` where `(tac1; tac2)` would suffice

Note: This linter can be disabled with `set_option linter.unnecessarySeqFocus false`
LeanD6PairContractionCounterexample.lean:171:52: warning: this tactic is never executed

Note: This linter can be disabled with `set_option linter.unreachableTactic false`
LeanD6PairContractionCounterexample.lean:172:48: warning: Used `tac1 <;> tac2` where `(tac1; tac2)` would suffice

Note: This linter can be disabled with `set_option linter.unnecessarySeqFocus false`
LeanD6PairContractionCounterexample.lean:171:52: warning: Unused tactic linter: `norm_num` does nothing

Note: This linter can be disabled with `set_option linter.unusedTactic false`
LeanD6PairContractionCounterexample.lean:201:2: error: Tactic `native_decide` failed. Error: failed to compile definition, consider marking it as 'noncomputable' because it depends on 'Real.decidableEq', which is 'noncomputable'
LeanD6PairContractionCounterexample.lean:226:8: warning: `push_neg` has been deprecated. Prefer using `push Not` instead.
If you'd rather continue using `push_neg` in your project, you can implement it as follows:
```
open Lean.Parser.Tactic in
macro "push_neg" cfg:optConfig loc:(location)? : tactic =>
  `(tactic| push $cfg:optConfig Not $[$loc]?)
```
LeanD6PairContractionCounterexample.lean:288:49: warning: this tactic is never executed

Note: This linter can be disabled with `set_option linter.unreachableTactic false`
LeanD6PairContractionCounterexample.lean:293:49: warning: this tactic is never executed

Note: This linter can be disabled with `set_option linter.unreachableTactic false`
LeanD6PairContractionCounterexample.lean:290:45: warning: Used `tac1 <;> tac2` where `(tac1; tac2)` would suffice

Note: This linter can be disabled with `set_option linter.unnecessarySeqFocus false`
LeanD6PairContractionCounterexample.lean:295:45: warning: Used `tac1 <;> tac2` where `(tac1; tac2)` would suffice

Note: This linter can be disabled with `set_option linter.unnecessarySeqFocus false`
LeanD6PairContractionCounterexample.lean:288:49: warning: Unused tactic linter: `norm_num` does nothing

Note: This linter can be disabled with `set_option linter.unusedTactic false`
LeanD6PairContractionCounterexample.lean:293:49: warning: Unused tactic linter: `norm_num` does nothing

Note: This linter can be disabled with `set_option linter.unusedTactic false`
LeanD6PairContractionCounterexample.lean:321:49: warning: this tactic is never executed

Note: This linter can be disabled with `set_option linter.unreachableTactic false`
LeanD6PairContractionCounterexample.lean:326:49: warning: this tactic is never executed

Note: This linter can be disabled with `set_option linter.unreachableTactic false`
LeanD6PairContractionCounterexample.lean:323:45: warning: Used `tac1 <;> tac2` where `(tac1; tac2)` would suffice

Note: This linter can be disabled with `set_option linter.unnecessarySeqFocus false`
LeanD6PairContractionCounterexample.lean:328:45: warning: Used `tac1 <;> tac2` where `(tac1; tac2)` would suffice

Note: This linter can be disabled with `set_option linter.unnecessarySeqFocus false`
LeanD6PairContractionCounterexample.lean:321:49: warning: Unused tactic linter: `norm_num` does nothing

Note: This linter can be disabled with `set_option linter.unusedTactic false`
LeanD6PairContractionCounterexample.lean:326:49: warning: Unused tactic linter: `norm_num` does nothing

Note: This linter can be disabled with `set_option linter.unusedTactic false`
LeanD6PairContractionCounterexample.lean:354:49: warning: this tactic is never executed

Note: This linter can be disabled with `set_option linter.unreachableTactic false`
LeanD6PairContractionCounterexample.lean:359:49: warning: this tactic is never executed

Note: This linter can be disabled with `set_option linter.unreachableTactic false`
LeanD6PairContractionCounterexample.lean:356:45: warning: Used `tac1 <;> tac2` where `(tac1; tac2)` would suffice

Note: This linter can be disabled with `set_option linter.unnecessarySeqFocus false`
LeanD6PairContractionCounterexample.lean:361:45: warning: Used `tac1 <;> tac2` where `(tac1; tac2)` would suffice

Note: This linter can be disabled with `set_option linter.unnecessarySeqFocus false`
LeanD6PairContractionCounterexample.lean:354:49: warning: Unused tactic linter: `norm_num` does nothing

Note: This linter can be disabled with `set_option linter.unusedTactic false`
LeanD6PairContractionCounterexample.lean:359:49: warning: Unused tactic linter: `norm_num` does nothing

Note: This linter can be disabled with `set_option linter.unusedTactic false`
LeanD6PairContractionCounterexample.lean:387:49: warning: this tactic is never executed

Note: This linter can be disabled with `set_option linter.unreachableTactic false`
LeanD6PairContractionCounterexample.lean:392:49: warning: this tactic is never executed

Note: This linter can be disabled with `set_option linter.unreachableTactic false`
LeanD6PairContractionCounterexample.lean:389:45: warning: Used `tac1 <;> tac2` where `(tac1; tac2)` would suffice

Note: This linter can be disabled with `set_option linter.unnecessarySeqFocus false`
LeanD6PairContractionCounterexample.lean:394:45: warning: Used `tac1 <;> tac2` where `(tac1; tac2)` would suffice

Note: This linter can be disabled with `set_option linter.unnecessarySeqFocus false`
LeanD6PairContractionCounterexample.lean:387:49: warning: Unused tactic linter: `norm_num` does nothing

Note: This linter can be disabled with `set_option linter.unusedTactic false`
LeanD6PairContractionCounterexample.lean:392:49: warning: Unused tactic linter: `norm_num` does nothing

Note: This linter can be disabled with `set_option linter.unusedTactic false`
EXIT_CODE=1

============================================================
===== LeanD6HalfFactorSharpness.lean =====
============================================================
LeanD6HalfFactorSharpness.lean:45:6: warning: `push_neg` has been deprecated. Prefer using `push Not` instead.
If you'd rather continue using `push_neg` in your project, you can implement it as follows:
```
open Lean.Parser.Tactic in
macro "push_neg" cfg:optConfig loc:(location)? : tactic =>
  `(tactic| push $cfg:optConfig Not $[$loc]?)
```
LeanD6HalfFactorSharpness.lean:65:28: error: unsolved goals
case «2»
⊢ ¬2 = ⟨2, ⋯⟩ → ![1, 1, 0] 2 = 0
LeanD6HalfFactorSharpness.lean:73:28: error: unsolved goals
case «0»
⊢ (if 2 = 0 then 1 else ![1, 1, 0] 2) = 0

case «1»
⊢ (if 2 = 1 then 1 else ![1, 1, 0] 2) = 0

case «2»
⊢ (if (if 2 = ⟨2, ⋯⟩ then 1 else ![1, 1, 0] 2) = 0 then 1 else 2) = 2
LeanD6HalfFactorSharpness.lean:80:64: error: unsolved goals
j : Fin 3
hmax : maxVal (productResponse pointMassAnchor3 sharpWorld3 j) = ![2, 1, 2] j
hmin : minVal (productResponse pointMassAnchor3 sharpWorld3 j) = ![1, 0, 1] j
⊢ ![2, 1, 2] j - ![1, 0, 1] j = 1
LeanD6HalfFactorSharpness.lean:127:12: error(lean.unknownIdentifier): Unknown identifier `h0`
LeanD6HalfFactorSharpness.lean:127:15: error: unexpected token ':'; expected command
LeanD6HalfFactorSharpness.lean:138:12: error(lean.unknownIdentifier): Unknown identifier `h0`
LeanD6HalfFactorSharpness.lean:138:15: error: unexpected token ':'; expected command
LeanD6HalfFactorSharpness.lean:153:6: error: Type mismatch: After simplification, term
  le_maxVal r (action3 0 1 0)
 has type
  sharpWorld3 ![0, 1, 0] ≤ (maxVal fun x => sharpWorld3 x - productResponse pointMassAnchor3 sharpWorld3 2 (x 2)) + 1
but is expected to have type
  1 ≤ maxVal fun x => sharpWorld3 x - productResponse pointMassAnchor3 sharpWorld3 2 (x 2)
LeanD6HalfFactorSharpness.lean:156:6: error: Type mismatch: After simplification, term
  minVal_le r (action3 0 0 1)
 has type
  (minVal fun x => sharpWorld3 x - productResponse pointMassAnchor3 sharpWorld3 2 (x 2)) ≤ sharpWorld3 ![0, 0, 1] - 2
but is expected to have type
  (minVal fun x => sharpWorld3 x - productResponse pointMassAnchor3 sharpWorld3 2 (x 2)) ≤ -2
LeanD6HalfFactorSharpness.lean:144:17: error: unsolved goals
r : (Fin 3 → Fin 2) → ℝ := fun x => sharpWorld3 x - ∑ j ∈ {2}, productResponse pointMassAnchor3 sharpWorld3 j (x j)
hmax : maxVal r = 1
hmin : minVal r = -2
⊢ ((maxVal fun x => sharpWorld3 x - productResponse pointMassAnchor3 sharpWorld3 2 (x 2)) -
      minVal fun x => sharpWorld3 x - productResponse pointMassAnchor3 sharpWorld3 2 (x 2)) =
    3
LeanD6HalfFactorSharpness.lean:174:6: error: Type mismatch: After simplification, term
  le_maxVal r (action3 0 1 0)
 has type
  sharpWorld3 ![0, 1, 0] ≤ (maxVal fun x => sharpWorld3 x - productResponse pointMassAnchor3 sharpWorld3 1 (x 1)) + 1
but is expected to have type
  1 ≤ maxVal fun x => sharpWorld3 x - productResponse pointMassAnchor3 sharpWorld3 1 (x 1)
LeanD6HalfFactorSharpness.lean:177:6: error: Type mismatch: After simplification, term
  minVal_le r (action3 0 0 0)
 has type
  @LE.le ℝ Real.instLE (minVal fun x => sharpWorld3 x - productResponse pointMassAnchor3 sharpWorld3 1 (x 1))
    (sharpWorld3 ![0, 0, 0])
but is expected to have type
  @LE.le ℝ Real.partialOrder.toLE (minVal fun x => sharpWorld3 x - productResponse pointMassAnchor3 sharpWorld3 1 (x 1))
    0
LeanD6HalfFactorSharpness.lean:165:17: error: unsolved goals
r : (Fin 3 → Fin 2) → ℝ := fun x => sharpWorld3 x - ∑ j ∈ {1}, productResponse pointMassAnchor3 sharpWorld3 j (x j)
hmax : maxVal r = 1
hmin : minVal r = 0
⊢ ((maxVal fun x => sharpWorld3 x - productResponse pointMassAnchor3 sharpWorld3 1 (x 1)) -
      minVal fun x => sharpWorld3 x - productResponse pointMassAnchor3 sharpWorld3 1 (x 1)) =
    1
LeanD6HalfFactorSharpness.lean:186:12: error(lean.unknownIdentifier): Unknown identifier `hi`
LeanD6HalfFactorSharpness.lean:186:15: error: unexpected token ':'; expected command
EXIT_CODE=1
