{
  "protocol_version": "chain_e_primitive_semantic_lab_v2",
  "development_only": true,
  "overall_status": "PASS",
  "gates": {
    "same_Q_different_information": true,
    "xor_pairwise_zero_joint_nonconstant": true
  },
  "primitive_worlds": {
    "response_Q": [
      0.0,
      0.0
    ],
    "information_world_a_joint": [
      [
        0.5,
        0.0
      ],
      [
        0.0,
        0.5
      ]
    ],
    "information_world_b_joint": [
      [
        0.25,
        0.25
      ],
      [
        0.25,
        0.25
      ]
    ],
    "information_values": [
      0.6931471805599453,
      0.0
    ],
    "xor_joint_response": [
      [
        0.0,
        1.0
      ],
      [
        1.0,
        0.0
      ]
    ],
    "xor_pairwise_Q0": [
      0.5,
      0.5
    ],
    "xor_pairwise_Q1": [
      0.5,
      0.5
    ]
  }
}
