/Users/phanan/.matplotlib is not a writable directory
Matplotlib created a temporary cache directory at /var/folders/x3/hfjp6k_96z50j37_q9hftwjr0000gp/T/matplotlib-keh1v0o1 because there was an issue with the default path (/Users/phanan/.matplotlib); it is highly recommended to set the MPLCONFIGDIR environment variable to a writable directory, in particular to speed up the import of Matplotlib and to better support multiprocessing.

Fontconfig error: No writable cache directories
	/opt/homebrew/var/cache/fontconfig
	/Users/phanan/.cache/fontconfig
	/Users/phanan/.fontconfig

Fontconfig error: No writable cache directories
	/opt/homebrew/var/cache/fontconfig
	/Users/phanan/.cache/fontconfig
	/Users/phanan/.fontconfig

Fontconfig error: No writable cache directories
	/opt/homebrew/var/cache/fontconfig
	/Users/phanan/.cache/fontconfig
	/Users/phanan/.fontconfig

Fontconfig error: No writable cache directories
	/opt/homebrew/var/cache/fontconfig
	/Users/phanan/.cache/fontconfig
	/Users/phanan/.fontconfig
Matplotlib is building the font cache; this may take a moment.

########## H1 variant=row_aipw_diag_eps005 seed=3001 ##########

=== tiny oracle calibration | seed=3001 | label=h1_row_aipw_diag_eps005_seed3001 ===

=== tiny oracle calibration summary ===
pair_rows=120
state_ego_rows=24
proxy_buffer_size=12000
rank_correlation_mean=0.3041
signed_spearman_mean=0.1917
sign_agreement_mean=0.3750
oracle_core_f1_mean=0.4167
mae_mean=0.0197
protocol=logged_one_step_policy_contrast_v1
protocol_gate_pass=True
dr_applied_rows_eval=120
Saved tiny oracle results to: /Users/phanan/cig-amf-main 4/research/chain_verify_smoke_20260829_023310/h1/runs/smoke20/row_aipw_diag_eps005_seed3001
[H1] row_aipw_diag_eps005 seed=3001: Q=+0.1337 C=+0.3041 D=+0.1917 sign=0.375

########## H1 variant=plugin_eps005 seed=3001 ##########

=== tiny oracle calibration | seed=3001 | label=h1_plugin_eps005_seed3001 ===

=== tiny oracle calibration summary ===
pair_rows=120
state_ego_rows=24
proxy_buffer_size=12000
rank_correlation_mean=0.3041
signed_spearman_mean=0.1917
sign_agreement_mean=0.3750
oracle_core_f1_mean=0.4167
mae_mean=0.0197
protocol=logged_one_step_policy_contrast_v1
protocol_gate_pass=True
dr_applied_rows_eval=0
Saved tiny oracle results to: /Users/phanan/cig-amf-main 4/research/chain_verify_smoke_20260829_023310/h1/runs/smoke20/plugin_eps005_seed3001
[H1] plugin_eps005 seed=3001: Q=+0.1337 C=+0.3041 D=+0.1917 sign=0.375

########## H1 variant=plugin_eps000 seed=3001 ##########

=== tiny oracle calibration | seed=3001 | label=h1_plugin_eps000_seed3001 ===

=== tiny oracle calibration summary ===
pair_rows=120
state_ego_rows=24
proxy_buffer_size=12000
rank_correlation_mean=0.1135
signed_spearman_mean=0.1144
sign_agreement_mean=0.3542
oracle_core_f1_mean=0.0833
mae_mean=0.0207
protocol=logged_one_step_policy_contrast_v1
protocol_gate_pass=True
dr_applied_rows_eval=0
Saved tiny oracle results to: /Users/phanan/cig-amf-main 4/research/chain_verify_smoke_20260829_023310/h1/runs/smoke20/plugin_eps000_seed3001
[H1] plugin_eps000 seed=3001: Q=+0.1247 C=+0.1135 D=+0.1144 sign=0.354

[H1] complete run: /Users/phanan/cig-amf-main 4/research/chain_verify_smoke_20260829_023310/h1/runs/smoke20
[H1] published summary: /Users/phanan/cig-amf-main 4/research/chain_verify_smoke_20260829_023310/h1/summary.csv
[H1] scientific claim gate: False
