LeanProductMixedDifferenceV4.lean:39:35: warning: `Nat.lt.step` has been deprecated: Use `Nat.lt_succ_of_lt` instead

Note: The updated constant is in a different namespace. Dot notation may need to be changed (e.g., from `x.step` to `Nat.lt_succ_of_lt x`).
LeanProductMixedDifferenceV4.lean:33:18: warning: This simp argument is unused:
  hi

Hint: Omit it from the simp argument list.
  [apply] simp [hybrid]

Note: This linter can be disabled with `set_option linter.unusedSimpArgs false`
LeanProductMixedDifferenceV4.lean:156:0: warning: automatically included section variable(s) unused in theorem `CIGAMF.V4.ProductMixedDifference.product_residual_eq_expectation`:
  [Nonempty U]
consider restructuring your `variable` declarations so that the variables are not in scope or explicitly omit them:
  omit [Nonempty U] in theorem ...

Note: This linter can be disabled with `set_option linter.unusedSectionVars false`
LeanProductMixedDifferenceV4.lean:218:5: warning: Variable name `hDeltaNonneg` is not explicitly referenced.

Hint: The binding can be removed (if unused) or named `_` (if used implicitly). Alternatively, prefix the name with `_` to silence this warning:
  [apply] _hDeltaNonneg

Note: This linter can be disabled with `set_option linter.unusedVariables false`
LeanProductMixedDifferenceV4.lean:268:6: warning: `dif_pos` has been deprecated: Use `dite_eq_left` instead
LeanProductMixedDifferenceV4.lean:262:0: warning: automatically included section variable(s) unused in theorem `CIGAMF.V4.ProductMixedDifference.finiteObjectiveMin_attained`:
  [DecidableEq R]
consider restructuring your `variable` declarations so that the variables are not in scope or explicitly omit them:
  omit [DecidableEq R] in theorem ...

Note: This linter can be disabled with `set_option linter.unusedSectionVars false`
LeanProductMixedDifferenceV4.lean:275:0: warning: automatically included section variable(s) unused in theorem `CIGAMF.V4.ProductMixedDifference.D4_generic_uniform_objective_transfer`:
  [Fintype R]
  [DecidableEq R]
consider restructuring your `variable` declarations so that the variables are not in scope or explicitly omit them:
  omit [Fintype R] [DecidableEq R] in theorem ...

Note: This linter can be disabled with `set_option linter.unusedSectionVars false`
