LeanFunctionalRankingV6.lean:21:0: warning: automatically included section variable(s) unused in theorem `CIGAMF.V6.FunctionalRanking.A8_gauge_capacity_bound`:
  [DecidableEq A]
consider restructuring your `variable` declarations so that the variables are not in scope or explicitly omit them:
  omit [DecidableEq A] in theorem ...

Note: This linter can be disabled with `set_option linter.unusedSectionVars false`
LeanFunctionalRankingV6.lean:29:20: warning: Used `tac1 <;> tac2` where `(tac1; tac2)` would suffice

Note: This linter can be disabled with `set_option linter.unnecessarySeqFocus false`
LeanFunctionalRankingV6.lean:33:0: warning: automatically included section variable(s) unused in theorem `CIGAMF.V6.FunctionalRanking.A9_pair_order_preserved`:
  [Fintype ι]
  [DecidableEq ι]
consider restructuring your `variable` declarations so that the variables are not in scope or explicitly omit them:
  omit [Fintype ι] [DecidableEq ι] in theorem ...

Note: This linter can be disabled with `set_option linter.unusedSectionVars false`
LeanFunctionalRankingV6.lean:68:0: warning: automatically included section variable(s) unused in theorem `CIGAMF.V6.FunctionalRanking.strictTopK_unique`:
  [Fintype ι]
consider restructuring your `variable` declarations so that the variables are not in scope or explicitly omit them:
  omit [Fintype ι] in theorem ...

Note: This linter can be disabled with `set_option linter.unusedSectionVars false`
LeanFunctionalRankingV6.lean:171:14: warning: This simp argument is unused:
  rankWitnessQ

Hint: Omit it from the simp argument list.
  [apply] simp_all [rankWitnessQhat]

Note: This linter can be disabled with `set_option linter.unusedSimpArgs false`
LeanFunctionalRankingV6.lean:171:49: warning: this tactic is never executed

Note: This linter can be disabled with `set_option linter.unreachableTactic false`
LeanFunctionalRankingV6.lean:171:49: warning: Unused tactic linter: `norm_num` does nothing

Note: This linter can be disabled with `set_option linter.unusedTactic false`
LeanFunctionalRankingV6.lean:395:43: warning: this tactic is never executed

Note: This linter can be disabled with `set_option linter.unreachableTactic false`
LeanFunctionalRankingV6.lean:395:43: warning: Unused tactic linter: `linarith` does nothing

Note: This linter can be disabled with `set_option linter.unusedTactic false`
