LeanStructuralGeometryWitnessesV4.lean:69:64: warning: this tactic is never executed

Note: This linter can be disabled with `set_option linter.unreachableTactic false`
LeanStructuralGeometryWitnessesV4.lean:70:60: warning: Used `tac1 <;> tac2` where `(tac1; tac2)` would suffice

Note: This linter can be disabled with `set_option linter.unnecessarySeqFocus false`
LeanStructuralGeometryWitnessesV4.lean:71:65: warning: Used `tac1 <;> tac2` where `(tac1; tac2)` would suffice

Note: This linter can be disabled with `set_option linter.unnecessarySeqFocus false`
LeanStructuralGeometryWitnessesV4.lean:69:64: warning: Unused tactic linter: `norm_num` does nothing

Note: This linter can be disabled with `set_option linter.unusedTactic false`
LeanStructuralGeometryWitnessesV4.lean:77:64: warning: this tactic is never executed

Note: This linter can be disabled with `set_option linter.unreachableTactic false`
LeanStructuralGeometryWitnessesV4.lean:78:60: warning: Used `tac1 <;> tac2` where `(tac1; tac2)` would suffice

Note: This linter can be disabled with `set_option linter.unnecessarySeqFocus false`
LeanStructuralGeometryWitnessesV4.lean:77:64: warning: Unused tactic linter: `norm_num` does nothing

Note: This linter can be disabled with `set_option linter.unusedTactic false`
LeanStructuralGeometryWitnessesV4.lean:85:60: warning: Used `tac1 <;> tac2` where `(tac1; tac2)` would suffice

Note: This linter can be disabled with `set_option linter.unnecessarySeqFocus false`
LeanStructuralGeometryWitnessesV4.lean:86:60: warning: Used `tac1 <;> tac2` where `(tac1; tac2)` would suffice

Note: This linter can be disabled with `set_option linter.unnecessarySeqFocus false`
LeanStructuralGeometryWitnessesV4.lean:94:64: warning: this tactic is never executed

Note: This linter can be disabled with `set_option linter.unreachableTactic false`
LeanStructuralGeometryWitnessesV4.lean:95:64: warning: this tactic is never executed

Note: This linter can be disabled with `set_option linter.unreachableTactic false`
LeanStructuralGeometryWitnessesV4.lean:94:64: warning: Unused tactic linter: `norm_num` does nothing

Note: This linter can be disabled with `set_option linter.unusedTactic false`
LeanStructuralGeometryWitnessesV4.lean:95:64: warning: Unused tactic linter: `norm_num` does nothing

Note: This linter can be disabled with `set_option linter.unusedTactic false`
LeanStructuralGeometryWitnessesV4.lean:102:64: warning: this tactic is never executed

Note: This linter can be disabled with `set_option linter.unreachableTactic false`
LeanStructuralGeometryWitnessesV4.lean:103:64: warning: this tactic is never executed

Note: This linter can be disabled with `set_option linter.unreachableTactic false`
LeanStructuralGeometryWitnessesV4.lean:102:64: warning: Unused tactic linter: `norm_num` does nothing

Note: This linter can be disabled with `set_option linter.unusedTactic false`
LeanStructuralGeometryWitnessesV4.lean:103:64: warning: Unused tactic linter: `norm_num` does nothing

Note: This linter can be disabled with `set_option linter.unusedTactic false`
LeanStructuralGeometryWitnessesV4.lean:110:64: warning: this tactic is never executed

Note: This linter can be disabled with `set_option linter.unreachableTactic false`
LeanStructuralGeometryWitnessesV4.lean:111:64: warning: this tactic is never executed

Note: This linter can be disabled with `set_option linter.unreachableTactic false`
LeanStructuralGeometryWitnessesV4.lean:110:64: warning: Unused tactic linter: `norm_num` does nothing

Note: This linter can be disabled with `set_option linter.unusedTactic false`
LeanStructuralGeometryWitnessesV4.lean:111:64: warning: Unused tactic linter: `norm_num` does nothing

Note: This linter can be disabled with `set_option linter.unusedTactic false`
LeanStructuralGeometryWitnessesV4.lean:123:44: warning: Used `tac1 <;> tac2` where `(tac1; tac2)` would suffice

Note: This linter can be disabled with `set_option linter.unnecessarySeqFocus false`
LeanStructuralGeometryWitnessesV4.lean:129:44: warning: Used `tac1 <;> tac2` where `(tac1; tac2)` would suffice

Note: This linter can be disabled with `set_option linter.unnecessarySeqFocus false`
LeanStructuralGeometryWitnessesV4.lean:135:44: warning: Used `tac1 <;> tac2` where `(tac1; tac2)` would suffice

Note: This linter can be disabled with `set_option linter.unnecessarySeqFocus false`
LeanStructuralGeometryWitnessesV4.lean:157:52: warning: this tactic is never executed

Note: This linter can be disabled with `set_option linter.unreachableTactic false`
LeanStructuralGeometryWitnessesV4.lean:158:52: warning: this tactic is never executed

Note: This linter can be disabled with `set_option linter.unreachableTactic false`
LeanStructuralGeometryWitnessesV4.lean:156:48: warning: Used `tac1 <;> tac2` where `(tac1; tac2)` would suffice

Note: This linter can be disabled with `set_option linter.unnecessarySeqFocus false`
LeanStructuralGeometryWitnessesV4.lean:165:48: warning: Used `tac1 <;> tac2` where `(tac1; tac2)` would suffice

Note: This linter can be disabled with `set_option linter.unnecessarySeqFocus false`
LeanStructuralGeometryWitnessesV4.lean:168:48: warning: Used `tac1 <;> tac2` where `(tac1; tac2)` would suffice

Note: This linter can be disabled with `set_option linter.unnecessarySeqFocus false`
LeanStructuralGeometryWitnessesV4.lean:171:48: warning: Used `tac1 <;> tac2` where `(tac1; tac2)` would suffice

Note: This linter can be disabled with `set_option linter.unnecessarySeqFocus false`
LeanStructuralGeometryWitnessesV4.lean:175:46: warning: Used `tac1 <;> tac2` where `(tac1; tac2)` would suffice

Note: This linter can be disabled with `set_option linter.unnecessarySeqFocus false`
LeanStructuralGeometryWitnessesV4.lean:157:52: warning: Unused tactic linter: `norm_num` does nothing

Note: This linter can be disabled with `set_option linter.unusedTactic false`
LeanStructuralGeometryWitnessesV4.lean:158:52: warning: Unused tactic linter: `norm_num` does nothing

Note: This linter can be disabled with `set_option linter.unusedTactic false`
LeanStructuralGeometryWitnessesV4.lean:208:73: warning: Used `tac1 <;> tac2` where `(tac1; tac2)` would suffice

Note: This linter can be disabled with `set_option linter.unnecessarySeqFocus false`
LeanStructuralGeometryWitnessesV4.lean:212:73: warning: Used `tac1 <;> tac2` where `(tac1; tac2)` would suffice

Note: This linter can be disabled with `set_option linter.unnecessarySeqFocus false`
LeanStructuralGeometryWitnessesV4.lean:216:73: warning: Used `tac1 <;> tac2` where `(tac1; tac2)` would suffice

Note: This linter can be disabled with `set_option linter.unnecessarySeqFocus false`
LeanStructuralGeometryWitnessesV4.lean:223:14: warning: Used `tac1 <;> tac2` where `(tac1; tac2)` would suffice

Note: This linter can be disabled with `set_option linter.unnecessarySeqFocus false`
LeanStructuralGeometryWitnessesV4.lean:259:60: warning: Used `tac1 <;> tac2` where `(tac1; tac2)` would suffice

Note: This linter can be disabled with `set_option linter.unnecessarySeqFocus false`
LeanStructuralGeometryWitnessesV4.lean:260:60: warning: Used `tac1 <;> tac2` where `(tac1; tac2)` would suffice

Note: This linter can be disabled with `set_option linter.unnecessarySeqFocus false`
LeanStructuralGeometryWitnessesV4.lean:267:60: warning: Used `tac1 <;> tac2` where `(tac1; tac2)` would suffice

Note: This linter can be disabled with `set_option linter.unnecessarySeqFocus false`
LeanStructuralGeometryWitnessesV4.lean:268:60: warning: Used `tac1 <;> tac2` where `(tac1; tac2)` would suffice

Note: This linter can be disabled with `set_option linter.unnecessarySeqFocus false`
LeanStructuralGeometryWitnessesV4.lean:275:64: warning: this tactic is never executed

Note: This linter can be disabled with `set_option linter.unreachableTactic false`
LeanStructuralGeometryWitnessesV4.lean:276:64: warning: this tactic is never executed

Note: This linter can be disabled with `set_option linter.unreachableTactic false`
LeanStructuralGeometryWitnessesV4.lean:275:64: warning: Unused tactic linter: `norm_num` does nothing

Note: This linter can be disabled with `set_option linter.unusedTactic false`
LeanStructuralGeometryWitnessesV4.lean:276:64: warning: Unused tactic linter: `norm_num` does nothing

Note: This linter can be disabled with `set_option linter.unusedTactic false`
LeanStructuralGeometryWitnessesV4.lean:283:64: warning: this tactic is never executed

Note: This linter can be disabled with `set_option linter.unreachableTactic false`
LeanStructuralGeometryWitnessesV4.lean:284:64: warning: this tactic is never executed

Note: This linter can be disabled with `set_option linter.unreachableTactic false`
LeanStructuralGeometryWitnessesV4.lean:283:64: warning: Unused tactic linter: `norm_num` does nothing

Note: This linter can be disabled with `set_option linter.unusedTactic false`
LeanStructuralGeometryWitnessesV4.lean:284:64: warning: Unused tactic linter: `norm_num` does nothing

Note: This linter can be disabled with `set_option linter.unusedTactic false`
LeanStructuralGeometryWitnessesV4.lean:291:64: warning: this tactic is never executed

Note: This linter can be disabled with `set_option linter.unreachableTactic false`
LeanStructuralGeometryWitnessesV4.lean:292:64: warning: this tactic is never executed

Note: This linter can be disabled with `set_option linter.unreachableTactic false`
LeanStructuralGeometryWitnessesV4.lean:291:64: warning: Unused tactic linter: `norm_num` does nothing

Note: This linter can be disabled with `set_option linter.unusedTactic false`
LeanStructuralGeometryWitnessesV4.lean:292:64: warning: Unused tactic linter: `norm_num` does nothing

Note: This linter can be disabled with `set_option linter.unusedTactic false`
LeanStructuralGeometryWitnessesV4.lean:299:64: warning: this tactic is never executed

Note: This linter can be disabled with `set_option linter.unreachableTactic false`
LeanStructuralGeometryWitnessesV4.lean:300:64: warning: this tactic is never executed

Note: This linter can be disabled with `set_option linter.unreachableTactic false`
LeanStructuralGeometryWitnessesV4.lean:299:64: warning: Unused tactic linter: `norm_num` does nothing

Note: This linter can be disabled with `set_option linter.unusedTactic false`
LeanStructuralGeometryWitnessesV4.lean:300:64: warning: Unused tactic linter: `norm_num` does nothing

Note: This linter can be disabled with `set_option linter.unusedTactic false`
LeanStructuralGeometryWitnessesV4.lean:329:71: warning: Used `tac1 <;> tac2` where `(tac1; tac2)` would suffice

Note: This linter can be disabled with `set_option linter.unnecessarySeqFocus false`
LeanStructuralGeometryWitnessesV4.lean:333:71: warning: Used `tac1 <;> tac2` where `(tac1; tac2)` would suffice

Note: This linter can be disabled with `set_option linter.unnecessarySeqFocus false`
LeanStructuralGeometryWitnessesV4.lean:337:71: warning: Used `tac1 <;> tac2` where `(tac1; tac2)` would suffice

Note: This linter can be disabled with `set_option linter.unnecessarySeqFocus false`
