LeanReferenceKernelV4.lean:27:0: warning: automatically included section variable(s) unused in theorem `CIGAMF.V4.JointKernel.expectation_decomposition`:
  [Fintype A]
  [Nonempty A]
  [Nonempty B]
consider restructuring your `variable` declarations so that the variables are not in scope or explicitly omit them:
  omit [Fintype A] [Nonempty A] [Nonempty B] in theorem ...

Note: This linter can be disabled with `set_option linter.unusedSectionVars false`
LeanReferenceKernelV4.lean:47:0: warning: automatically included section variable(s) unused in theorem `CIGAMF.V4.JointKernel.tv_nonneg`:
  [Nonempty B]
consider restructuring your `variable` declarations so that the variables are not in scope or explicitly omit them:
  omit [Nonempty B] in theorem ...

Note: This linter can be disabled with `set_option linter.unusedSectionVars false`
LeanReferenceKernelV4.lean:147:0: warning: automatically included section variable(s) unused in theorem `CIGAMF.V4.JointKernel.coordinateMarginal_nonneg`:
  [Fintype A]
  [Nonempty A]
consider restructuring your `variable` declarations so that the variables are not in scope or explicitly omit them:
  omit [Fintype A] [Nonempty A] in theorem ...

Note: This linter can be disabled with `set_option linter.unusedSectionVars false`
LeanReferenceKernelV4.lean:160:27: warning: Variable name `hκ` is not explicitly referenced.

Hint: The binding can be removed (if unused) or named `_` (if used implicitly). Alternatively, prefix the name with `_` to silence this warning:
  [apply] _hκ

Note: This linter can be disabled with `set_option linter.unusedVariables false`
