LeanSupportGeometryV4.lean:136:5: warning: Variable name `hdelta` is not explicitly referenced.

Hint: The binding can be removed (if unused) or named `_` (if used implicitly). Alternatively, prefix the name with `_` to silence this warning:
  [apply] _hdelta

Note: This linter can be disabled with `set_option linter.unusedVariables false`
LeanSupportGeometryV4.lean:258:0: warning: automatically included section variable(s) unused in theorem `CIGAMF.V4.SupportGeometry.maxOn_mono`:
  [DecidableEq A]
consider restructuring your `variable` declarations so that the variables are not in scope or explicitly omit them:
  omit [DecidableEq A] in theorem ...

Note: This linter can be disabled with `set_option linter.unusedSectionVars false`
LeanSupportGeometryV4.lean:267:0: warning: automatically included section variable(s) unused in theorem `CIGAMF.V4.SupportGeometry.minOn_antitone`:
  [DecidableEq A]
consider restructuring your `variable` declarations so that the variables are not in scope or explicitly omit them:
  omit [DecidableEq A] in theorem ...

Note: This linter can be disabled with `set_option linter.unusedSectionVars false`
LeanSupportGeometryV4.lean:327:0: warning: automatically included section variable(s) unused in theorem `CIGAMF.V4.SupportGeometry.sumComponent_le_modularMax`:
  [Fintype ι]
  [DecidableEq ι]
consider restructuring your `variable` declarations so that the variables are not in scope or explicitly omit them:
  omit [Fintype ι] [DecidableEq ι] in theorem ...

Note: This linter can be disabled with `set_option linter.unusedSectionVars false`
LeanSupportGeometryV4.lean:332:0: warning: automatically included section variable(s) unused in theorem `CIGAMF.V4.SupportGeometry.modularMin_le_sumComponent`:
  [Fintype ι]
  [DecidableEq ι]
consider restructuring your `variable` declarations so that the variables are not in scope or explicitly omit them:
  omit [Fintype ι] [DecidableEq ι] in theorem ...

Note: This linter can be disabled with `set_option linter.unusedSectionVars false`
LeanSupportGeometryV4.lean:347:0: warning: automatically included section variable(s) unused in theorem `CIGAMF.V4.SupportGeometry.ePlus_eq`:
  [Fintype ι]
  [DecidableEq ι]
consider restructuring your `variable` declarations so that the variables are not in scope or explicitly omit them:
  omit [Fintype ι] [DecidableEq ι] in theorem ...

Note: This linter can be disabled with `set_option linter.unusedSectionVars false`
LeanSupportGeometryV4.lean:355:0: warning: automatically included section variable(s) unused in theorem `CIGAMF.V4.SupportGeometry.eMinus_eq`:
  [Fintype ι]
  [DecidableEq ι]
consider restructuring your `variable` declarations so that the variables are not in scope or explicitly omit them:
  omit [Fintype ι] [DecidableEq ι] in theorem ...

Note: This linter can be disabled with `set_option linter.unusedSectionVars false`
LeanSupportGeometryV4.lean:429:26: warning: `dif_pos` has been deprecated: Use `dite_eq_left` instead
LeanSupportGeometryV4.lean:424:0: warning: automatically included section variable(s) unused in theorem `CIGAMF.V4.SupportGeometry.finiteMaxOn_dominates`:
  [Fintype ι]
  [DecidableEq ι]
consider restructuring your `variable` declarations so that the variables are not in scope or explicitly omit them:
  omit [Fintype ι] [DecidableEq ι] in theorem ...

Note: This linter can be disabled with `set_option linter.unusedSectionVars false`
LeanSupportGeometryV4.lean:465:29: warning: try 'simp' instead of 'simpa'

Note: This linter can be disabled with `set_option linter.unnecessarySimpa false`
LeanSupportGeometryV4.lean:455:0: warning: automatically included section variable(s) unused in theorem `CIGAMF.V4.SupportGeometry.exists_topKByScore`:
  [DecidableEq ι]
consider restructuring your `variable` declarations so that the variables are not in scope or explicitly omit them:
  omit [DecidableEq ι] in theorem ...

Note: This linter can be disabled with `set_option linter.unusedSectionVars false`
LeanSupportGeometryV4.lean:476:28: warning: `dif_pos` has been deprecated: Use `dite_eq_left` instead
LeanSupportGeometryV4.lean:537:5: warning: Variable name `hSelectedCard` is not explicitly referenced.

Hint: The binding can be removed (if unused) or named `_` (if used implicitly). Alternatively, prefix the name with `_` to silence this warning:
  [apply] _hSelectedCard

Note: This linter can be disabled with `set_option linter.unusedVariables false`
LeanSupportGeometryV4.lean:718:5: warning: Variable name `hTrueOpt` is not explicitly referenced.

Hint: The binding can be removed (if unused) or named `_` (if used implicitly). Alternatively, prefix the name with `_` to silence this warning:
  [apply] _hTrueOpt

Note: This linter can be disabled with `set_option linter.unusedVariables false`
