LeanFunctionalBoundaryV4.lean:16:0: warning: automatically included section variable(s) unused in theorem `CIGAMF.V4.FunctionalBoundary.A1_capacity_transfer`:
  [DecidableEq A]
consider restructuring your `variable` declarations so that the variables are not in scope or explicitly omit them:
  omit [DecidableEq A] in theorem ...

Note: This linter can be disabled with `set_option linter.unusedSectionVars false`
LeanFunctionalBoundaryV4.lean:39:0: warning: automatically included section variable(s) unused in theorem `CIGAMF.V4.FunctionalBoundary.A1_direction_transfer`:
  [Nonempty A]
  [DecidableEq A]
consider restructuring your `variable` declarations so that the variables are not in scope or explicitly omit them:
  omit [Nonempty A] [DecidableEq A] in theorem ...

Note: This linter can be disabled with `set_option linter.unusedSectionVars false`
LeanFunctionalBoundaryV4.lean:41:40: warning: Variable name `heps` is not explicitly referenced.

Hint: The binding can be removed (if unused) or named `_` (if used implicitly). Alternatively, prefix the name with `_` to silence this warning:
  [apply] _heps

Note: This linter can be disabled with `set_option linter.unusedVariables false`
LeanFunctionalBoundaryV4.lean:68:0: warning: automatically included section variable(s) unused in theorem `CIGAMF.V4.FunctionalBoundary.GQ_exact_gauge_identity`:
  [DecidableEq A]
consider restructuring your `variable` declarations so that the variables are not in scope or explicitly omit them:
  omit [DecidableEq A] in theorem ...

Note: This linter can be disabled with `set_option linter.unusedSectionVars false`
LeanFunctionalBoundaryV4.lean:78:27: warning: Variable name `Q` is not explicitly referenced.

Hint: The binding can be removed (if unused) or named `_` (if used implicitly). Alternatively, prefix the name with `_` to silence this warning:
  [apply] _Q

Note: This linter can be disabled with `set_option linter.unusedVariables false`
LeanFunctionalBoundaryV4.lean:82:0: warning: automatically included section variable(s) unused in theorem `CIGAMF.V4.FunctionalBoundary.A2_gauge_extrema_stability`:
  [Fintype A]
  [Nonempty A]
  [DecidableEq A]
consider restructuring your `variable` declarations so that the variables are not in scope or explicitly omit them:
  omit [Fintype A] [Nonempty A] [DecidableEq A] in theorem ...

Note: This linter can be disabled with `set_option linter.unusedSectionVars false`
LeanFunctionalBoundaryV4.lean:84:5: warning: Variable name `hGapPos` is not explicitly referenced.

Hint: The binding can be removed (if unused) or named `_` (if used implicitly). Alternatively, prefix the name with `_` to silence this warning:
  [apply] _hGapPos

Note: This linter can be disabled with `set_option linter.unusedVariables false`
LeanFunctionalBoundaryV4.lean:103:0: warning: automatically included section variable(s) unused in theorem `CIGAMF.V4.FunctionalBoundary.A3_stable_extrema_linearization`:
  [DecidableEq A]
consider restructuring your `variable` declarations so that the variables are not in scope or explicitly omit them:
  omit [DecidableEq A] in theorem ...

Note: This linter can be disabled with `set_option linter.unusedSectionVars false`
LeanFunctionalBoundaryV4.lean:112:0: warning: automatically included section variable(s) unused in theorem `CIGAMF.V4.FunctionalBoundary.A4_simultaneous_interval_implies_capacity_interval`:
  [DecidableEq A]
consider restructuring your `variable` declarations so that the variables are not in scope or explicitly omit them:
  omit [DecidableEq A] in theorem ...

Note: This linter can be disabled with `set_option linter.unusedSectionVars false`
LeanFunctionalBoundaryV4.lean:136:0: warning: automatically included section variable(s) unused in theorem `CIGAMF.V4.FunctionalBoundary.A4_exact_null_range_pathology`:
  [DecidableEq A]
consider restructuring your `variable` declarations so that the variables are not in scope or explicitly omit them:
  omit [DecidableEq A] in theorem ...

Note: This linter can be disabled with `set_option linter.unusedSectionVars false`
