LeanFunctionalAuxV4.lean:25:0: warning: automatically included section variable(s) unused in theorem `CIGAMF.V4.FunctionalAux.A5_split_estimator_targets_selected_contrast`:
  [Fintype A]
  [Nonempty A]
consider restructuring your `variable` declarations so that the variables are not in scope or explicitly omit them:
  omit [Fintype A] [Nonempty A] in theorem ...

Note: This linter can be disabled with `set_option linter.unusedSectionVars false`
LeanFunctionalAuxV4.lean:28:5: warning: Variable name `hpNonneg` is not explicitly referenced.

Hint: The binding can be removed (if unused) or named `_` (if used implicitly). Alternatively, prefix the name with `_` to silence this warning:
  [apply] _hpNonneg

Note: This linter can be disabled with `set_option linter.unusedVariables false`
LeanFunctionalAuxV4.lean:28:31: warning: Variable name `hpOne` is not explicitly referenced.

Hint: The binding can be removed (if unused) or named `_` (if used implicitly). Alternatively, prefix the name with `_` to silence this warning:
  [apply] _hpOne

Note: This linter can be disabled with `set_option linter.unusedVariables false`
LeanFunctionalAuxV4.lean:64:0: warning: automatically included section variable(s) unused in theorem `CIGAMF.V4.FunctionalAux.A6_cauchy_lower_bound`:
  [Nonempty A]
consider restructuring your `variable` declarations so that the variables are not in scope or explicitly omit them:
  omit [Nonempty A] in theorem ...

Note: This linter can be disabled with `set_option linter.unusedSectionVars false`
LeanFunctionalAuxV4.lean:92:0: warning: automatically included section variable(s) unused in theorem `CIGAMF.V4.FunctionalAux.continuousNeyman_zero_coefficient`:
  [Nonempty A]
consider restructuring your `variable` declarations so that the variables are not in scope or explicitly omit them:
  omit [Nonempty A] in theorem ...

Note: This linter can be disabled with `set_option linter.unusedSectionVars false`
LeanFunctionalAuxV4.lean:94:5: warning: Variable name `hSum` is not explicitly referenced.

Hint: The binding can be removed (if unused) or named `_` (if used implicitly). Alternatively, prefix the name with `_` to silence this warning:
  [apply] _hSum

Note: This linter can be disabled with `set_option linter.unusedVariables false`
LeanFunctionalAuxV4.lean:98:0: warning: automatically included section variable(s) unused in theorem `CIGAMF.V4.FunctionalAux.continuousNeyman_nonneg`:
  [Nonempty A]
consider restructuring your `variable` declarations so that the variables are not in scope or explicitly omit them:
  omit [Nonempty A] in theorem ...

Note: This linter can be disabled with `set_option linter.unusedSectionVars false`
