{
  "protocol_version": "d6_exact_integer_search_v1",
  "evidence_class": "EXHAUSTIVE_FINITE_EXACT_RATIONAL",
  "m": 3,
  "k_values": [
    1,
    2
  ],
  "value_radius": 1,
  "anchor_zero": true,
  "worlds_enumerated": 2187,
  "candidate": "decision_regret <= (m-1)*delta_square/2",
  "candidate_killed": false,
  "counterexample": null,
  "best_ratio_witness": {
    "values": [
      0,
      -1,
      -1,
      -1,
      -1,
      0,
      0,
      0
    ],
    "shape": [
      2,
      2,
      2
    ],
    "k": 1,
    "delta": "2/1",
    "surrogate_sup_error": "3/4",
    "approximation_rhs": "4/1",
    "decision_regret": "1/4",
    "candidate_half_rhs": "2/1",
    "ratio_regret_over_approx_rhs": "1/16",
    "chosen_topc": [
      0
    ],
    "optimum_loss": "1/2"
  }
}
