{
  "protocol_version": "d6_counterexample_optimizer_v1",
  "evidence_class": "DIRECTED_FALSIFICATION_NOT_PROOF",
  "candidate_threshold": 0.5,
  "candidate_killed": false,
  "restarts_requested": 1000,
  "steps_per_restart": 300,
  "seed": 202,
  "m": 3,
  "alphabet": 2,
  "k": 1,
  "q_mode": "skewed",
  "optimize_q": true,
  "best_witness": {
    "values": [
      [
        [
          -5.0,
          -2.0
        ],
        [
          7.0,
          7.0
        ]
      ],
      [
        [
          -8.0,
          -8.0
        ],
        [
          -1.0,
          7.0
        ]
      ]
    ],
    "m": 3,
    "k": 1,
    "ratio_regret_over_approx_rhs": 0.4687499984138005,
    "delta_square": 8.0,
    "decision_regret": 7.499999974620808,
    "approximation_rhs": 16.0,
    "candidate_half_rhs": 8.0,
    "candidate_violation": -0.5000000253791921,
    "chosen_topc": [
      2
    ],
    "exact_optimal_sets": [
      [
        1
      ]
    ],
    "reference_q": {
      "0": [
        6.2941987772049435e-09,
        0.9999999937058013
      ],
      "1": [
        5.0599505310869625e-11,
        0.9999999999494005
      ],
      "2": [
        0.9975900722435221,
        0.0024099277564779277
      ]
    }
  }
}
