
======================================================================
T1 — deterministic scripted policy: BC loss should converge to ~0
======================================================================
[OmniArena][NOTE] use_sgtp_phi=True => enable_conditional_gates / enable_latency_ladder are NO-OPs because influence no longer passes through delta_ij.
  bc_buffer size = 2632
  epoch   0  bc_loss = 2.2478
  epoch   6  bc_loss = 2.1823
  epoch  12  bc_loss = 2.0377
  epoch  18  bc_loss = 1.7003
  epoch  24  bc_loss = 1.2079
  epoch  30  bc_loss = 0.5995
  epoch  36  bc_loss = 0.2592

  final BC loss = 0.1871  (uniform floor ln6 = 1.7918)
  [PASS] T1: bc_loss < 0.3  (BC mechanism control)

======================================================================
T2 — shuffled labels: BC loss should converge to the corrected floor
======================================================================
[OmniArena][NOTE] use_sgtp_phi=True => enable_conditional_gates / enable_latency_ladder are NO-OPs because influence no longer passes through delta_ij.
[OmniArena][NOTE] use_sgtp_phi=True => enable_conditional_gates / enable_latency_ladder are NO-OPs because influence no longer passes through delta_ij.

  shadow-only loss = 0.4472  (floor = 0.4479)
  core-active loss = 2.2348  (floor = 2.2397)
  [PASS] T2a: shadow-only floor
  [PASS] T2b: core-active floor

======================================================================
RESULT: T1=PASS  T2=PASS
======================================================================
